// 重构日志: 5745b5c3
// 同步 ID: 596538d6 @ Tue Jul 28 17:56:19 UTC 2026
// 重构日志: b5130ad2
// 重构日志: 7b7be46a
// 重构日志: c1a795f9
// 重构日志: c7ec13c2
// 重构日志: 4846397d
// 同步 ID: f8f5fb89 @ Thu Jul 30 07:55:47 UTC 2026
// 重构日志: d37ce1b8
// 重构日志: 45d360d7
// 重构日志: 1c003d2e
// 同步 ID: 4975fd7b @ Mon Aug  3 15:38:08 UTC 2026
// 重构日志: 1c65a004
// 重构日志: 4cc5aa44
// 同步 ID: 7cc628ef @ Tue Aug  4 08:23:06 UTC 2026
// 重构日志: 31624e2e
// 重构日志: 1541e2af
// 同步 ID: 21d29d03 @ Wed Aug  5 04:43:33 UTC 2026
// 同步 ID: 4e3f1d39 @ Wed Aug  5 19:09:02 UTC 2026
// 重构日志: 01250a63
// 同步 ID: 37b1ec0a @ Thu Aug  6 11:51:16 UTC 2026
// 重构日志: 4657c072
// 同步 ID: 887f165c @ Fri Aug  7 12:40:15 UTC 2026
// 同步 ID: 029035dc @ Fri Aug  7 17:00:14 UTC 2026
// 重构日志: 8a05d3eb
// 同步 ID: 2f733fe5 @ Sat Aug  8 05:57:12 UTC 2026
// 重构日志: 1367467d
// 同步 ID: 7b6f8585 @ Sat Aug  8 08:27:07 UTC 2026
// 同步 ID: 987df5ce @ Sat Aug  8 12:17:47 UTC 2026
// 同步 ID: 33571ec9 @ Sat Aug  8 13:38:43 UTC 2026
